// Jest Snapshot v1, https://goo.gl/fbAQLP

exports[`StringFilter.vue matches the snapshot 1`] = `
<div
  class="container"
  id="app"
>
  <div
    class="row"
  >
    <div
      class="col col-md-3"
    >
      <filter-container-stub
        canedit="true"
        filters="[object Object],[object Object],[object Object],[object Object],[object Object],[object Object],[object Object]"
        filtersshown="search,color,name,price"
        value="[object Object]"
      />
    </div>
     
    <div
      class="col col-md-8"
    >
      <pre>
        <strong>
          selections:
        </strong>
        
{
  "search": "test"
}
      </pre>
       
      <pre>
        <strong>
          visibility:
        </strong>
        
        [
  "search",
  "color",
  "name",
  "price"
]
      </pre>
    </div>
  </div>
</div>
`;
