// Jest Snapshot v1, https://goo.gl/fbAQLP

exports[`FilterContainer.vue matches the snapshot 1`] = `
<div
  class="filter-container"
>
  <div
    class="collapse"
    id="mobile-button-toggle"
    style="display: none;"
  >
    <button
      class="btn w-100 my-2 btn-outline-secondary"
    >
      
      Show filters
    
    </button>
  </div>
   
  <div
    class="collapse show"
    id="mobile-toggle"
  >
    <div
      class=""
    >
      <span>
        <div
          class="card filter-card mb-2"
          placeholder="placeholder"
          type="string-filter"
        >
          <!---->
          <!---->
          <div
            class="card-header drag-handle"
          >
            <div
              class="title mr-3 px-1"
              title="String"
            >
              <!---->
              
      String
      
              <!---->
            </div>
          </div>
           
          <div
            class="collapse show"
            id="string"
          >
            <div
              class="card-body"
            >
              <!---->
              <!---->
              <fieldset
                aria-describedby="__BVID__38__BV_description_"
                class="form-group"
                id="__BVID__38"
              >
                <!---->
                <div
                  role="group"
                  tabindex="-1"
                >
                  <div
                    class="input-group"
                    description="search by string"
                    label="String"
                    role="group"
                    type="string-filter"
                  >
                    <!---->
                    <!---->
                    <input
                      class="form-control"
                      id="__BVID__40"
                      name="string"
                      placeholder="placeholder"
                      type="text"
                    />
                     
                    <div
                      class="input-group-append"
                    >
                      <button
                        class="btn btn-outline-secondary"
                        type="button"
                      >
                        <div
                          icon="times"
                        />
                      </button>
                    </div>
                    <!---->
                    <!---->
                  </div>
                  <!---->
                  <!---->
                  <small
                    class="form-text text-muted"
                    id="__BVID__38__BV_description_"
                    tabindex="-1"
                  >
                    search by string
                  </small>
                </div>
              </fieldset>
            </div>
          </div>
          <!---->
          <!---->
        </div>
        <div
          bulkoperation="true"
          class="card filter-card mb-2"
          options="() => {
    return new Promise(function (resolve) {
      resolve([{
        value: 'red',
        text: 'Red'
      }, {
        value: 'green',
        text: 'Green'
      }, {
        value: 'blue',
        text: 'Blue'
      }]);
    });
  }"
          type="checkbox-filter"
        >
          <!---->
          <!---->
          <div
            class="card-header drag-handle collapsable"
          >
            <div
              class="title mr-3 px-1"
              title="Checkbox"
            >
              <div
                class="mr-2"
                icon="caret-right"
                style="transform: rotate(90deg); transition: transform 0.2s;"
              />
              
      Checkbox
      
              <!---->
            </div>
          </div>
           
          <div
            class="collapse show"
            id="checkbox"
          >
            <div
              class="card-body"
            >
              <!---->
              <!---->
              <fieldset
                class="form-group"
                id="__BVID__46"
              >
                <!---->
                <div
                  role="group"
                  tabindex="-1"
                >
                  <div
                    type="checkbox-filter"
                  >
                    <div
                      class=""
                      id="__BVID__48"
                      role="group"
                      tabindex="-1"
                    >
                      <div
                        class="custom-control custom-checkbox"
                      >
                        <input
                          autocomplete="off"
                          class="custom-control-input"
                          id="__BVID__48__BV_option_0_"
                          name="checkbox"
                          type="checkbox"
                          value="red"
                        />
                        <label
                          class="custom-control-label"
                          for="__BVID__48__BV_option_0_"
                        >
                          <span>
                            Red
                          </span>
                        </label>
                      </div>
                      <div
                        class="custom-control custom-checkbox"
                      >
                        <input
                          autocomplete="off"
                          class="custom-control-input"
                          id="__BVID__48__BV_option_1_"
                          name="checkbox"
                          type="checkbox"
                          value="green"
                        />
                        <label
                          class="custom-control-label"
                          for="__BVID__48__BV_option_1_"
                        >
                          <span>
                            Green
                          </span>
                        </label>
                      </div>
                      <div
                        class="custom-control custom-checkbox"
                      >
                        <input
                          autocomplete="off"
                          class="custom-control-input"
                          id="__BVID__48__BV_option_2_"
                          name="checkbox"
                          type="checkbox"
                          value="blue"
                        />
                        <label
                          class="custom-control-label"
                          for="__BVID__48__BV_option_2_"
                        >
                          <span>
                            Blue
                          </span>
                        </label>
                      </div>
                    </div>
                     
                    <span>
                      <!---->
                       
                      <a
                        class="toggle-select card-link"
                        href="#"
                        target="_self"
                      >
                        
      Deselect all
    
                      </a>
                    </span>
                  </div>
                  <!---->
                  <!---->
                  <!---->
                </div>
              </fieldset>
            </div>
          </div>
          <!---->
          <!---->
        </div>
      </span>
    </div>
     
    <!---->
  </div>
</div>
`;
